server/routes/modules/trace.ts(5,31): error TS2307: Cannot find module '../../services/search-service' or its corresponding type declarations.
