client/src/pages/dashboard.tsx(264,27): error TS2339: Property 'totalProducts' does not exist on type '{}'.
client/src/pages/dashboard.tsx(273,27): error TS2339: Property 'totalVerifications' does not exist on type '{}'.
client/src/pages/dashboard.tsx(282,30): error TS2339: Property 'passRate' does not exist on type '{}'.
client/src/pages/dashboard.tsx(285,27): error TS2339: Property 'passRate' does not exist on type '{}'.
client/src/pages/dashboard.tsx(286,32): error TS2339: Property 'passRate' does not exist on type '{}'.
client/src/pages/dashboard.tsx(291,27): error TS2339: Property 'complianceReadiness' does not exist on type '{}'.
client/src/pages/dashboard.tsx(307,16): error TS2552: Cannot find name 'Select'. Did you mean 'onselect'?
client/src/pages/dashboard.tsx(308,18): error TS2304: Cannot find name 'SelectTrigger'.
client/src/pages/dashboard.tsx(309,20): error TS2304: Cannot find name 'SelectValue'.
client/src/pages/dashboard.tsx(310,19): error TS2304: Cannot find name 'SelectTrigger'.
client/src/pages/dashboard.tsx(311,18): error TS2304: Cannot find name 'SelectContent'.
client/src/pages/dashboard.tsx(312,20): error TS2304: Cannot find name 'SelectItem'.
client/src/pages/dashboard.tsx(312,55): error TS2304: Cannot find name 'SelectItem'.
client/src/pages/dashboard.tsx(313,20): error TS2304: Cannot find name 'SelectItem'.
client/src/pages/dashboard.tsx(313,57): error TS2304: Cannot find name 'SelectItem'.
client/src/pages/dashboard.tsx(314,20): error TS2304: Cannot find name 'SelectItem'.
client/src/pages/dashboard.tsx(314,57): error TS2304: Cannot find name 'SelectItem'.
client/src/pages/dashboard.tsx(315,19): error TS2304: Cannot find name 'SelectContent'.
client/src/pages/dashboard.tsx(316,17): error TS2552: Cannot find name 'Select'. Did you mean 'onselect'?
client/src/pages/dashboard.tsx(325,38): error TS2339: Property 'scanTrendData' does not exist on type '{}'.
client/src/pages/dashboard.tsx(361,47): error TS2339: Property 'syncStatus' does not exist on type '{}'.
client/src/pages/dashboard.tsx(389,32): error TS2339: Property 'recentActivity' does not exist on type '{}'.
client/src/pages/dashboard.tsx(390,21): error TS18046: 'metrics' is of type 'unknown'.
client/src/pages/dashboard.tsx(405,34): error TS18046: 'metrics' is of type 'unknown'.
